Archive member included to satisfy reference by file (symbol)

c:/ac6/systemworkbench/plugins/fr.ac6.mcu.externaltools.arm-none.win32_1.13.2.201703061525/tools/compiler/bin/../lib/gcc/arm-none-eabi/5.4.1/armv6-m\libgcc.a(_udivsi3.o)
                              Drivers/STM32L0xx_HAL_Driver/Src/stm32l0xx_hal.o (__aeabi_uidiv)
c:/ac6/systemworkbench/plugins/fr.ac6.mcu.externaltools.arm-none.win32_1.13.2.201703061525/tools/compiler/bin/../lib/gcc/arm-none-eabi/5.4.1/armv6-m\libgcc.a(_dvmd_tls.o)
                              c:/ac6/systemworkbench/plugins/fr.ac6.mcu.externaltools.arm-none.win32_1.13.2.201703061525/tools/compiler/bin/../lib/gcc/arm-none-eabi/5.4.1/armv6-m\libgcc.a(_udivsi3.o) (__aeabi_idiv0)
c:/ac6/systemworkbench/plugins/fr.ac6.mcu.externaltools.arm-none.win32_1.13.2.201703061525/tools/compiler/bin/../lib/gcc/arm-none-eabi/5.4.1/armv6-m\libgcc.a(_aeabi_uldivmod.o)
                              Drivers/STM32L0xx_HAL_Driver/Src/stm32l0xx_hal_uart.o (__aeabi_uldivmod)
c:/ac6/systemworkbench/plugins/fr.ac6.mcu.externaltools.arm-none.win32_1.13.2.201703061525/tools/compiler/bin/../lib/gcc/arm-none-eabi/5.4.1/armv6-m\libgcc.a(_udivmoddi4.o)
                              c:/ac6/systemworkbench/plugins/fr.ac6.mcu.externaltools.arm-none.win32_1.13.2.201703061525/tools/compiler/bin/../lib/gcc/arm-none-eabi/5.4.1/armv6-m\libgcc.a(_aeabi_uldivmod.o) (__udivmoddi4)
c:/ac6/systemworkbench/plugins/fr.ac6.mcu.externaltools.arm-none.win32_1.13.2.201703061525/tools/compiler/bin/../lib/gcc/arm-none-eabi/5.4.1/armv6-m\libgcc.a(_clzdi2.o)
                              c:/ac6/systemworkbench/plugins/fr.ac6.mcu.externaltools.arm-none.win32_1.13.2.201703061525/tools/compiler/bin/../lib/gcc/arm-none-eabi/5.4.1/armv6-m\libgcc.a(_udivmoddi4.o) (__clzdi2)
c:/ac6/systemworkbench/plugins/fr.ac6.mcu.externaltools.arm-none.win32_1.13.2.201703061525/tools/compiler/bin/../lib/gcc/arm-none-eabi/5.4.1/armv6-m\libgcc.a(_clzsi2.o)
                              c:/ac6/systemworkbench/plugins/fr.ac6.mcu.externaltools.arm-none.win32_1.13.2.201703061525/tools/compiler/bin/../lib/gcc/arm-none-eabi/5.4.1/armv6-m\libgcc.a(_clzdi2.o) (__clzsi2)
c:/ac6/systemworkbench/plugins/fr.ac6.mcu.externaltools.arm-none.win32_1.13.2.201703061525/tools/compiler/bin/../lib/gcc/arm-none-eabi/5.4.1/../../../../arm-none-eabi/lib/armv6-m\libc_nano.a(lib_a-exit.o)
                              c:/ac6/systemworkbench/plugins/fr.ac6.mcu.externaltools.arm-none.win32_1.13.2.201703061525/tools/compiler/bin/../lib/gcc/arm-none-eabi/5.4.1/../../../../arm-none-eabi/lib/armv6-m/crt0.o (exit)
c:/ac6/systemworkbench/plugins/fr.ac6.mcu.externaltools.arm-none.win32_1.13.2.201703061525/tools/compiler/bin/../lib/gcc/arm-none-eabi/5.4.1/../../../../arm-none-eabi/lib/armv6-m\libc_nano.a(lib_a-impure.o)
                              c:/ac6/systemworkbench/plugins/fr.ac6.mcu.externaltools.arm-none.win32_1.13.2.201703061525/tools/compiler/bin/../lib/gcc/arm-none-eabi/5.4.1/../../../../arm-none-eabi/lib/armv6-m\libc_nano.a(lib_a-exit.o) (_global_impure_ptr)
c:/ac6/systemworkbench/plugins/fr.ac6.mcu.externaltools.arm-none.win32_1.13.2.201703061525/tools/compiler/bin/../lib/gcc/arm-none-eabi/5.4.1/../../../../arm-none-eabi/lib/armv6-m\libc_nano.a(lib_a-init.o)
                              c:/ac6/systemworkbench/plugins/fr.ac6.mcu.externaltools.arm-none.win32_1.13.2.201703061525/tools/compiler/bin/../lib/gcc/arm-none-eabi/5.4.1/../../../../arm-none-eabi/lib/armv6-m/crt0.o (__libc_init_array)
c:/ac6/systemworkbench/plugins/fr.ac6.mcu.externaltools.arm-none.win32_1.13.2.201703061525/tools/compiler/bin/../lib/gcc/arm-none-eabi/5.4.1/../../../../arm-none-eabi/lib/armv6-m\libc_nano.a(lib_a-malloc.o)
                              Src/callback.o (malloc)
c:/ac6/systemworkbench/plugins/fr.ac6.mcu.externaltools.arm-none.win32_1.13.2.201703061525/tools/compiler/bin/../lib/gcc/arm-none-eabi/5.4.1/../../../../arm-none-eabi/lib/armv6-m\libc_nano.a(lib_a-memset.o)
                              c:/ac6/systemworkbench/plugins/fr.ac6.mcu.externaltools.arm-none.win32_1.13.2.201703061525/tools/compiler/bin/../lib/gcc/arm-none-eabi/5.4.1/../../../../arm-none-eabi/lib/armv6-m/crt0.o (memset)
c:/ac6/systemworkbench/plugins/fr.ac6.mcu.externaltools.arm-none.win32_1.13.2.201703061525/tools/compiler/bin/../lib/gcc/arm-none-eabi/5.4.1/../../../../arm-none-eabi/lib/armv6-m\libc_nano.a(lib_a-nano-freer.o)
                              c:/ac6/systemworkbench/plugins/fr.ac6.mcu.externaltools.arm-none.win32_1.13.2.201703061525/tools/compiler/bin/../lib/gcc/arm-none-eabi/5.4.1/../../../../arm-none-eabi/lib/armv6-m\libc_nano.a(lib_a-malloc.o) (_free_r)
c:/ac6/systemworkbench/plugins/fr.ac6.mcu.externaltools.arm-none.win32_1.13.2.201703061525/tools/compiler/bin/../lib/gcc/arm-none-eabi/5.4.1/../../../../arm-none-eabi/lib/armv6-m\libc_nano.a(lib_a-nano-mallocr.o)
[...]
Memory Configuration

Name             Origin             Length             Attributes
RAM              0x20000000         0x00002000         xrw
FLASH            0x08000000         0x00010000         xr
*default*        0x00000000         0xffffffff

Linker script and memory map

LOAD c:/ac6/systemworkbench/plugins/fr.ac6.mcu.externaltools.arm-none.win32_1.13.2.201703061525/tools/compiler/bin/../lib/gcc/arm-none-eabi/5.4.1/armv6-m/crti.o
LOAD c:/ac6/systemworkbench/plugins/fr.ac6.mcu.externaltools.arm-none.win32_1.13.2.201703061525/tools/compiler/bin/../lib/gcc/arm-none-eabi/5.4.1/armv6-m/crtbegin.o
LOAD c:/ac6/systemworkbench/plugins/fr.ac6.mcu.externaltools.arm-none.win32_1.13.2.201703061525/tools/compiler/bin/../lib/gcc/arm-none-eabi/5.4.1/../../../../arm-none-eabi/lib/armv6-m/crt0.o
LOAD c:/ac6/systemworkbench/plugins/fr.ac6.mcu.externaltools.arm-none.win32_1.13.2.201703061525/tools/compiler/bin/../lib/gcc/arm-none-eabi/5.4.1/../../../../arm-none-eabi/lib/armv6-m\libm.a
LOAD Drivers/STM32L0xx_HAL_Driver/Src/stm32l0xx_hal.o
LOAD Drivers/STM32L0xx_HAL_Driver/Src/stm32l0xx_hal_cortex.o
LOAD Drivers/STM32L0xx_HAL_Driver/Src/stm32l0xx_hal_dma.o
LOAD Drivers/STM32L0xx_HAL_Driver/Src/stm32l0xx_hal_flash.o
LOAD Drivers/STM32L0xx_HAL_Driver/Src/stm32l0xx_hal_flash_ex.o
LOAD Drivers/STM32L0xx_HAL_Driver/Src/stm32l0xx_hal_flash_ramfunc.o
LOAD Drivers/STM32L0xx_HAL_Driver/Src/stm32l0xx_hal_gpio.o
LOAD Drivers/STM32L0xx_HAL_Driver/Src/stm32l0xx_hal_i2c.o
LOAD Drivers/STM32L0xx_HAL_Driver/Src/stm32l0xx_hal_i2c_ex.o
LOAD Drivers/STM32L0xx_HAL_Driver/Src/stm32l0xx_hal_pwr.o
LOAD Drivers/STM32L0xx_HAL_Driver/Src/stm32l0xx_hal_pwr_ex.o
LOAD Drivers/STM32L0xx_HAL_Driver/Src/stm32l0xx_hal_rcc.o
LOAD Drivers/STM32L0xx_HAL_Driver/Src/stm32l0xx_hal_rcc_ex.o
LOAD Drivers/STM32L0xx_HAL_Driver/Src/stm32l0xx_hal_tim.o
LOAD Drivers/STM32L0xx_HAL_Driver/Src/stm32l0xx_hal_tim_ex.o
LOAD Drivers/STM32L0xx_HAL_Driver/Src/stm32l0xx_hal_uart.o
LOAD Drivers/STM32L0xx_HAL_Driver/Src/stm32l0xx_hal_uart_ex.o
LOAD Src/callback.o
LOAD Src/linkedlist.o
LOAD Src/main.o
LOAD Src/onewireio.o
LOAD Src/owcompletesearch.o
LOAD Src/owvariable.o
LOAD Src/search.o
LOAD Src/stm32l0xx_hal_msp.o
LOAD Src/stm32l0xx_it.o
LOAD Src/system_stm32l0xx.o
LOAD startup/startup_stm32l053xx.o
START GROUP
LOAD c:/ac6/systemworkbench/plugins/fr.ac6.mcu.externaltools.arm-none.win32_1.13.2.201703061525/tools/compiler/bin/../lib/gcc/arm-none-eabi/5.4.1/armv6-m\libgcc.a
LOAD c:/ac6/systemworkbench/plugins/fr.ac6.mcu.externaltools.arm-none.win32_1.13.2.201703061525/tools/compiler/bin/../lib/gcc/arm-none-eabi/5.4.1/../../../../arm-none-eabi/lib/armv6-m\libc_nano.a
END GROUP
START GROUP
LOAD c:/ac6/systemworkbench/plugins/fr.ac6.mcu.externaltools.arm-none.win32_1.13.2.201703061525/tools/compiler/bin/../lib/gcc/arm-none-eabi/5.4.1/armv6-m\libgcc.a
LOAD c:/ac6/systemworkbench/plugins/fr.ac6.mcu.externaltools.arm-none.win32_1.13.2.201703061525/tools/compiler/bin/../lib/gcc/arm-none-eabi/5.4.1/../../../../arm-none-eabi/lib/armv6-m\libc_nano.a
LOAD c:/ac6/systemworkbench/plugins/fr.ac6.mcu.externaltools.arm-none.win32_1.13.2.201703061525/tools/compiler/bin/../lib/gcc/arm-none-eabi/5.4.1/../../../../arm-none-eabi/lib/armv6-m\libnosys.a
END GROUP
START GROUP
LOAD c:/ac6/systemworkbench/plugins/fr.ac6.mcu.externaltools.arm-none.win32_1.13.2.201703061525/tools/compiler/bin/../lib/gcc/arm-none-eabi/5.4.1/armv6-m\libgcc.a
LOAD c:/ac6/systemworkbench/plugins/fr.ac6.mcu.externaltools.arm-none.win32_1.13.2.201703061525/tools/compiler/bin/../lib/gcc/arm-none-eabi/5.4.1/../../../../arm-none-eabi/lib/armv6-m\libc_nano.a
LOAD c:/ac6/systemworkbench/plugins/fr.ac6.mcu.externaltools.arm-none.win32_1.13.2.201703061525/tools/compiler/bin/../lib/gcc/arm-none-eabi/5.4.1/../../../../arm-none-eabi/lib/armv6-m\libnosys.a
END GROUP
LOAD c:/ac6/systemworkbench/plugins/fr.ac6.mcu.externaltools.arm-none.win32_1.13.2.201703061525/tools/compiler/bin/../lib/gcc/arm-none-eabi/5.4.1/armv6-m/crtend.o
LOAD c:/ac6/systemworkbench/plugins/fr.ac6.mcu.externaltools.arm-none.win32_1.13.2.201703061525/tools/compiler/bin/../lib/gcc/arm-none-eabi/5.4.1/armv6-m/crtn.o
                0x20002000                _estack = 0x20002000
                0x00000200                _Min_Heap_Size = 0x200
                0x00000400                _Min_Stack_Size = 0x400

.isr_vector     0x08000000       0xc0
                0x08000000                . = ALIGN (0x4)
 *(.isr_vector)
 .isr_vector    0x08000000       0xc0 startup/startup_stm32l053xx.o
                0x08000000                g_pfnVectors
                0x080000c0                . = ALIGN (0x4)

.text           0x080000c0     0x2f74
                0x080000c0                . = ALIGN (0x4)
 *(.text)
 .text          0x080000c0       0x60 c:/ac6/systemworkbench/plugins/fr.ac6.mcu.externaltools.arm-none.win32_1.13.2.201703061525/tools/compiler/bin/../lib/gcc/arm-none-eabi/5.4.1/armv6-m/crtbegin.o
 .text          0x08000120      0x114 c:/ac6/systemworkbench/plugins/fr.ac6.mcu.externaltools.arm-none.win32_1.13.2.201703061525/tools/compiler/bin/../lib/gcc/arm-none-eabi/5.4.1/armv6-m\libgcc.a(_udivsi3.o)
                0x08000120                __aeabi_uidiv
                0x08000120                __udivsi3
                0x0800022c                __aeabi_uidivmod
 .text          0x08000234        0x4 c:/ac6/systemworkbench/plugins/fr.ac6.mcu.externaltools.arm-none.win32_1.13.2.201703061525/tools/compiler/bin/../lib/gcc/arm-none-eabi/5.4.1/armv6-m\libgcc.a(_dvmd_tls.o)
                0x08000234                __aeabi_idiv0
                0x08000234                __aeabi_ldiv0
 .text          0x08000238       0x40 c:/ac6/systemworkbench/plugins/fr.ac6.mcu.externaltools.arm-none.win32_1.13.2.201703061525/tools/compiler/bin/../lib/gcc/arm-none-eabi/5.4.1/armv6-m\libgcc.a(_aeabi_uldivmod.o)
                0x08000238                __aeabi_uldivmod
 .text          0x08000278      0x180 c:/ac6/systemworkbench/plugins/fr.ac6.mcu.externaltools.arm-none.win32_1.13.2.201703061525/tools/compiler/bin/../lib/gcc/arm-none-eabi/5.4.1/armv6-m\libgcc.a(_udivmoddi4.o)
                0x08000278                __udivmoddi4
 .text          0x080003f8       0x18 c:/ac6/systemworkbench/plugins/fr.ac6.mcu.externaltools.arm-none.win32_1.13.2.201703061525/tools/compiler/bin/../lib/gcc/arm-none-eabi/5.4.1/armv6-m\libgcc.a(_clzdi2.o)
                0x080003f8                __clzdi2
 .text          0x08000410       0x3c c:/ac6/systemworkbench/plugins/fr.ac6.mcu.externaltools.arm-none.win32_1.13.2.201703061525/tools/compiler/bin/../lib/gcc/arm-none-eabi/5.4.1/armv6-m\libgcc.a(_clzsi2.o)
                0x08000410                __clzsi2
 *(.text*)
 .text.HAL_InitTick
                0x0800044c       0x28 Drivers/STM32L0xx_HAL_Driver/Src/stm32l0xx_hal.o
                0x0800044c                HAL_InitTick
 .text.HAL_Init
                0x08000474       0x20 Drivers/STM32L0xx_HAL_Driver/Src/stm32l0xx_hal.o
                0x08000474                HAL_Init
 .text.HAL_IncTick
                0x08000494       0x10 Drivers/STM32L0xx_HAL_Driver/Src/stm32l0xx_hal.o
                0x08000494                HAL_IncTick
 .text.HAL_GetTick
                0x080004a4        0xc Drivers/STM32L0xx_HAL_Driver/Src/stm32l0xx_hal.o
                0x080004a4                HAL_GetTick
 .text.HAL_NVIC_SetPriority
                0x080004b0       0x64 Drivers/STM32L0xx_HAL_Driver/Src/stm32l0xx_hal_cortex.o
                0x080004b0                HAL_NVIC_SetPriority
 .text.HAL_NVIC_EnableIRQ
                0x08000514       0x14 Drivers/STM32L0xx_HAL_Driver/Src/stm32l0xx_hal_cortex.o
                0x08000514                HAL_NVIC_EnableIRQ
 .text.HAL_SYSTICK_Config
                0x08000528       0x38 Drivers/STM32L0xx_HAL_Driver/Src/stm32l0xx_hal_cortex.o
                0x08000528                HAL_SYSTICK_Config
 .text.HAL_SYSTICK_CLKSourceConfig
                0x08000560       0x20 Drivers/STM32L0xx_HAL_Driver/Src/stm32l0xx_hal_cortex.o
                0x08000560                HAL_SYSTICK_CLKSourceConfig
 .text.HAL_SYSTICK_Callback
                0x08000580        0x4 Drivers/STM32L0xx_HAL_Driver/Src/stm32l0xx_hal_cortex.o
                0x08000580                HAL_SYSTICK_Callback
 .text.HAL_SYSTICK_IRQHandler
                0x08000584        0x8 Drivers/STM32L0xx_HAL_Driver/Src/stm32l0xx_hal_cortex.o
                0x08000584                HAL_SYSTICK_IRQHandler
 .text.DMA_SetConfig
                0x0800058c       0x20 Drivers/STM32L0xx_HAL_Driver/Src/stm32l0xx_hal_dma.o
 .text.HAL_DMA_Init
                0x080005ac      0x14c Drivers/STM32L0xx_HAL_Driver/Src/stm32l0xx_hal_dma.o
                0x080005ac                HAL_DMA_Init
 .text.HAL_DMA_Start_IT
                0x080006f8       0x54 Drivers/STM32L0xx_HAL_Driver/Src/stm32l0xx_hal_dma.o
                0x080006f8                HAL_DMA_Start_IT
 .text.HAL_DMA_Abort_IT
                0x0800074c       0xac Drivers/STM32L0xx_HAL_Driver/Src/stm32l0xx_hal_dma.o
                0x0800074c                HAL_DMA_Abort_IT
 .text.HAL_DMA_IRQHandler
                0x080007f8      0x280 Drivers/STM32L0xx_HAL_Driver/Src/stm32l0xx_hal_dma.o
                0x080007f8                HAL_DMA_IRQHandler
 .text.HAL_GPIO_Init
                0x08000a78      0x194 Drivers/STM32L0xx_HAL_Driver/Src/stm32l0xx_hal_gpio.o
                0x08000a78                HAL_GPIO_Init
 .text.RCC_SetFlashLatencyFromMSIRange
                0x08000c0c       0x88 Drivers/STM32L0xx_HAL_Driver/Src/stm32l0xx_hal_rcc.o
 .text.HAL_RCC_OscConfig
                0x08000c94      0x5b8 Drivers/STM32L0xx_HAL_Driver/Src/stm32l0xx_hal_rcc.o
                0x08000c94                HAL_RCC_OscConfig
 .text.HAL_RCC_GetSysClockFreq
                0x0800124c       0x94 Drivers/STM32L0xx_HAL_Driver/Src/stm32l0xx_hal_rcc.o
                0x0800124c                HAL_RCC_GetSysClockFreq
 .text.HAL_RCC_ClockConfig
                0x080012e0      0x1b4 Drivers/STM32L0xx_HAL_Driver/Src/stm32l0xx_hal_rcc.o
                0x080012e0                HAL_RCC_ClockConfig
 .text.HAL_RCC_GetHCLKFreq
                0x08001494        0xc Drivers/STM32L0xx_HAL_Driver/Src/stm32l0xx_hal_rcc.o
                0x08001494                HAL_RCC_GetHCLKFreq
 .text.HAL_RCC_GetPCLK1Freq
                0x080014a0       0x20 Drivers/STM32L0xx_HAL_Driver/Src/stm32l0xx_hal_rcc.o
                0x080014a0                HAL_RCC_GetPCLK1Freq
 .text.HAL_RCC_GetPCLK2Freq
                0x080014c0       0x20 Drivers/STM32L0xx_HAL_Driver/Src/stm32l0xx_hal_rcc.o
                0x080014c0                HAL_RCC_GetPCLK2Freq
 .text.HAL_RCCEx_PeriphCLKConfig
                0x080014e0      0x1ec Drivers/STM32L0xx_HAL_Driver/Src/stm32l0xx_hal_rcc_ex.o
                0x080014e0                HAL_RCCEx_PeriphCLKConfig
 .text.HAL_RCCEx_GetPeriphCLKFreq
                0x080016cc      0x278 Drivers/STM32L0xx_HAL_Driver/Src/stm32l0xx_hal_rcc_ex.o
                0x080016cc                HAL_RCCEx_GetPeriphCLKFreq
 .text.UART_EndTxTransfer
                0x08001944       0x14 Drivers/STM32L0xx_HAL_Driver/Src/stm32l0xx_hal_uart.o
 .text.UART_EndRxTransfer
                0x08001958       0x20 Drivers/STM32L0xx_HAL_Driver/Src/stm32l0xx_hal_uart.o
 .text.UART_Transmit_IT
                0x08001978       0x6c Drivers/STM32L0xx_HAL_Driver/Src/stm32l0xx_hal_uart.o
 .text.HAL_UART_Receive_IT
                0x080019e4       0xd4 Drivers/STM32L0xx_HAL_Driver/Src/stm32l0xx_hal_uart.o
                0x080019e4                HAL_UART_Receive_IT
 .text.HAL_UART_Transmit_DMA
                0x08001ab8       0xa8 Drivers/STM32L0xx_HAL_Driver/Src/stm32l0xx_hal_uart.o
                0x08001ab8                HAL_UART_Transmit_DMA
 .text.UART_DMATransmitCplt
                0x08001b60       0x30 Drivers/STM32L0xx_HAL_Driver/Src/stm32l0xx_hal_uart.o
 .text.UART_EndTransmit_IT
                0x08001b90       0x1c Drivers/STM32L0xx_HAL_Driver/Src/stm32l0xx_hal_uart.o
 .text.HAL_UART_TxHalfCpltCallback
                0x08001bac        0x4 Drivers/STM32L0xx_HAL_Driver/Src/stm32l0xx_hal_uart.o
                0x08001bac                HAL_UART_TxHalfCpltCallback
 .text.UART_DMATxHalfCplt
                0x08001bb0        0xc Drivers/STM32L0xx_HAL_Driver/Src/stm32l0xx_hal_uart.o
 .text.UART_Receive_IT
                0x08001bbc       0x84 Drivers/STM32L0xx_HAL_Driver/Src/stm32l0xx_hal_uart.o
 .text.HAL_UART_ErrorCallback
                0x08001c40        0x4 Drivers/STM32L0xx_HAL_Driver/Src/stm32l0xx_hal_uart.o
                0x08001c40                HAL_UART_ErrorCallback
 .text.UART_DMAError
                0x08001c44       0x4c Drivers/STM32L0xx_HAL_Driver/Src/stm32l0xx_hal_uart.o
 .text.HAL_UART_IRQHandler
                0x08001c90      0x140 Drivers/STM32L0xx_HAL_Driver/Src/stm32l0xx_hal_uart.o
                0x08001c90                HAL_UART_IRQHandler
 .text.UART_DMAAbortOnError
                0x08001dd0       0x14 Drivers/STM32L0xx_HAL_Driver/Src/stm32l0xx_hal_uart.o
 .text.UART_SetConfig
                0x08001de4      0x340 Drivers/STM32L0xx_HAL_Driver/Src/stm32l0xx_hal_uart.o
                0x08001de4                UART_SetConfig
 .text.UART_AdvFeatureConfig
                0x08002124       0xe0 Drivers/STM32L0xx_HAL_Driver/Src/stm32l0xx_hal_uart.o
                0x08002124                UART_AdvFeatureConfig
 .text.UART_WaitOnFlagUntilTimeout
                0x08002204       0x6c Drivers/STM32L0xx_HAL_Driver/Src/stm32l0xx_hal_uart.o
                0x08002204                UART_WaitOnFlagUntilTimeout
 .text.HAL_UART_Transmit
                0x08002270       0xe4 Drivers/STM32L0xx_HAL_Driver/Src/stm32l0xx_hal_uart.o
                0x08002270                HAL_UART_Transmit
 .text.UART_CheckIdleState
                0x08002354       0x70 Drivers/STM32L0xx_HAL_Driver/Src/stm32l0xx_hal_uart.o
                0x08002354                UART_CheckIdleState
 .text.HAL_HalfDuplex_Init
                0x080023c4       0x78 Drivers/STM32L0xx_HAL_Driver/Src/stm32l0xx_hal_uart.o
                0x080023c4                HAL_HalfDuplex_Init
 .text.HAL_UARTEx_WakeupCallback
                0x0800243c        0x4 Drivers/STM32L0xx_HAL_Driver/Src/stm32l0xx_hal_uart_ex.o
                0x0800243c                HAL_UARTEx_WakeupCallback
 .text.registerCallback
                0x08002440       0x24 Src/callback.o
                0x08002440                registerCallback
 .text.unregisterCallback
                0x08002464        0x8 Src/callback.o
                0x08002464                unregisterCallback
 .text.getCurrentCallback
                0x0800246c       0x10 Src/callback.o
                0x0800246c                getCurrentCallback
 .text.ListInit
                0x0800247c        0xc Src/linkedlist.o
                0x0800247c                ListInit
 .text.ListAddEmptyLinkedList
                0x08002488       0x10 Src/linkedlist.o
                0x08002488                ListAddEmptyLinkedList
 .text.ListRemoveFirst
                0x08002498       0x24 Src/linkedlist.o
                0x08002498                ListRemoveFirst
 .text.pushList
                0x080024bc       0x1c Src/linkedlist.o
                0x080024bc                pushList
 .text.MX_GPIO_Init
                0x080024d8       0x1c Src/main.o
 .text.MX_DMA_Init
                0x080024f4       0x30 Src/main.o
 .text.HAL_HalfDuplex_EnableTxRx
                0x08002524       0x30 Src/main.o
                0x08002524                HAL_HalfDuplex_EnableTxRx
 .text.write    0x08002554       0x34 Src/main.o
                0x08002554                write
 .text.uartTxOw
                0x08002588       0x18 Src/main.o
                0x08002588                uartTxOw
 .text.owSetUpRxIT
                0x080025a0       0x14 Src/main.o
                0x080025a0                owSetUpRxIT
 .text.owUartTxDma
                0x080025b4       0x2c Src/main.o
                0x080025b4                owUartTxDma
 .text.owUartTx
                0x080025e0       0x34 Src/main.o
                0x080025e0                owUartTx
 .text.HAL_UART_TxCpltCallback
                0x08002614       0x10 Src/main.o
                0x08002614                HAL_UART_TxCpltCallback
 .text.HAL_UART_RxCpltCallback
                0x08002624        0xc Src/main.o
                0x08002624                HAL_UART_RxCpltCallback
 .text.systemError
                0x08002630        0x4 Src/main.o
                0x08002630                systemError
 .text.Error_Handler
                0x08002634        0x4 Src/main.o
                0x08002634                Error_Handler
 .text.MX_USART1_UART_Init
                0x08002638       0x40 Src/main.o
 .text.MX_USART2_UART_Init
                0x08002678       0x3c Src/main.o
 .text.SystemClock_Config
                0x080026b4       0x9c Src/main.o
                0x080026b4                SystemClock_Config
 .text.setUartBaudRate
                0x08002750       0x1c Src/main.o
                0x08002750                setUartBaudRate
 .text.main     0x0800276c       0x78 Src/main.o
                0x0800276c                main
 .text.resetAndVerifyOw
                0x080027e4       0xe4 Src/owcompletesearch.o
                0x080027e4                resetAndVerifyOw
 .text.intepretSearchBit
                0x080028c8       0x34 Src/owcompletesearch.o
                0x080028c8                intepretSearchBit
 .text.initGet1BitRom
                0x080028fc       0x3c Src/owcompletesearch.o
                0x080028fc                initGet1BitRom
 .text.clearGetRom
                0x08002938       0x18 Src/owcompletesearch.o
                0x08002938                clearGetRom
 .text.romSearching
                0x08002950      0x140 Src/owcompletesearch.o
                0x08002950                romSearching
 .text.doRomSearch
                0x08002a90       0x70 Src/owcompletesearch.o
                0x08002a90                doRomSearch
 .text.clearDataBuffer64
                0x08002b00       0x38 Src/search.o
                0x08002b00                clearDataBuffer64
 .text.clearGet1BitRom
                0x08002b38       0x14 Src/search.o
                0x08002b38                clearGet1BitRom
 .text.get1BitRom
                0x08002b4c       0xd0 Src/search.o
                0x08002b4c                get1BitRom
 .text.HAL_MspInit
                0x08002c1c       0x40 Src/stm32l0xx_hal_msp.o
                0x08002c1c                HAL_MspInit
 .text.HAL_UART_MspInit
                0x08002c5c       0xc4 Src/stm32l0xx_hal_msp.o
                0x08002c5c                HAL_UART_MspInit
 .text.NMI_Handler
                0x08002d20        0x4 Src/stm32l0xx_it.o
                0x08002d20                NMI_Handler
 .text.HardFault_Handler
                0x08002d24        0x4 Src/stm32l0xx_it.o
                0x08002d24                HardFault_Handler
 .text.SVC_Handler
                0x08002d28        0x4 Src/stm32l0xx_it.o
                0x08002d28                SVC_Handler
 .text.PendSV_Handler
                0x08002d2c        0x4 Src/stm32l0xx_it.o
                0x08002d2c                PendSV_Handler
 .text.SysTick_Handler
                0x08002d30        0xc Src/stm32l0xx_it.o
                0x08002d30                SysTick_Handler
 .text.DMA1_Channel2_3_IRQHandler
                0x08002d3c       0x10 Src/stm32l0xx_it.o
                0x08002d3c                DMA1_Channel2_3_IRQHandler
 .text.USART1_IRQHandler
                0x08002d4c       0x10 Src/stm32l0xx_it.o
                0x08002d4c                USART1_IRQHandler
 .text.SystemInit
                0x08002d5c       0x5c Src/system_stm32l0xx.o
                0x08002d5c                SystemInit
 .text.Reset_Handler
                0x08002db8       0x50 startup/startup_stm32l053xx.o
                0x08002db8                Reset_Handler
 .text.Default_Handler
                0x08002e08        0x2 startup/startup_stm32l053xx.o
                0x08002e08                TSC_IRQHandler
                0x08002e08                ADC1_COMP_IRQHandler
                0x08002e08                PVD_IRQHandler
                0x08002e08                I2C1_IRQHandler
                0x08002e08                RCC_CRS_IRQHandler
                0x08002e08                SPI1_IRQHandler
                0x08002e08                TIM6_DAC_IRQHandler
                0x08002e08                EXTI2_3_IRQHandler
                0x08002e08                I2C2_IRQHandler
                0x08002e08                RTC_IRQHandler
                0x08002e08                LCD_IRQHandler
                0x08002e08                DMA1_Channel4_5_6_7_IRQHandler
                0x08002e08                EXTI4_15_IRQHandler
                0x08002e08                DMA1_Channel1_IRQHandler
                0x08002e08                Default_Handler
                0x08002e08                TIM22_IRQHandler
                0x08002e08                EXTI0_1_IRQHandler
                0x08002e08                USB_IRQHandler
                0x08002e08                SPI2_IRQHandler
                0x08002e08                TIM21_IRQHandler
                0x08002e08                WWDG_IRQHandler
                0x08002e08                TIM2_IRQHandler
                0x08002e08                USART2_IRQHandler
                0x08002e08                FLASH_IRQHandler
                0x08002e08                RNG_LPUART1_IRQHandler
                0x08002e08                LPTIM1_IRQHandler
 *fill*         0x08002e0a        0x2 
 .text.__libc_init_array
                0x08002e0c       0x4c c:/ac6/systemworkbench/plugins/fr.ac6.mcu.externaltools.arm-none.win32_1.13.2.201703061525/tools/compiler/bin/../lib/gcc/arm-none-eabi/5.4.1/../../../../arm-none-eabi/lib/armv6-m\libc_nano.a(lib_a-init.o)
                0x08002e0c                __libc_init_array
 .text.malloc   0x08002e58       0x14 c:/ac6/systemworkbench/plugins/fr.ac6.mcu.externaltools.arm-none.win32_1.13.2.201703061525/tools/compiler/bin/../lib/gcc/arm-none-eabi/5.4.1/../../../../arm-none-eabi/lib/armv6-m\libc_nano.a(lib_a-malloc.o)
                0x08002e58                malloc
 .text.free     0x08002e6c       0x14 c:/ac6/systemworkbench/plugins/fr.ac6.mcu.externaltools.arm-none.win32_1.13.2.201703061525/tools/compiler/bin/../lib/gcc/arm-none-eabi/5.4.1/../../../../arm-none-eabi/lib/armv6-m\libc_nano.a(lib_a-malloc.o)
                0x08002e6c                free
 .text._free_r  0x08002e80       0x98 c:/ac6/systemworkbench/plugins/fr.ac6.mcu.externaltools.arm-none.win32_1.13.2.201703061525/tools/compiler/bin/../lib/gcc/arm-none-eabi/5.4.1/../../../../arm-none-eabi/lib/armv6-m\libc_nano.a(lib_a-nano-freer.o)
                0x08002e80                _free_r
 .text._malloc_r
                0x08002f18       0xc0 c:/ac6/systemworkbench/plugins/fr.ac6.mcu.externaltools.arm-none.win32_1.13.2.201703061525/tools/compiler/bin/../lib/gcc/arm-none-eabi/5.4.1/../../../../arm-none-eabi/lib/armv6-m\libc_nano.a(lib_a-nano-mallocr.o)
                0x08002f18                _malloc_r
 .text._sbrk_r  0x08002fd8       0x24 c:/ac6/systemworkbench/plugins/fr.ac6.mcu.externaltools.arm-none.win32_1.13.2.201703061525/tools/compiler/bin/../lib/gcc/arm-none-eabi/5.4.1/../../../../arm-none-eabi/lib/armv6-m\libc_nano.a(lib_a-sbrkr.o)
                0x08002fd8                _sbrk_r
 .text.__malloc_lock
                0x08002ffc        0x2 c:/ac6/systemworkbench/plugins/fr.ac6.mcu.externaltools.arm-none.win32_1.13.2.201703061525/tools/compiler/bin/../lib/gcc/arm-none-eabi/5.4.1/../../../../arm-none-eabi/lib/armv6-m\libc_nano.a(lib_a-mlock.o)
                0x08002ffc                __malloc_lock
 .text.__malloc_unlock
                0x08002ffe        0x2 c:/ac6/systemworkbench/plugins/fr.ac6.mcu.externaltools.arm-none.win32_1.13.2.201703061525/tools/compiler/bin/../lib/gcc/arm-none-eabi/5.4.1/../../../../arm-none-eabi/lib/armv6-m\libc_nano.a(lib_a-mlock.o)
                0x08002ffe                __malloc_unlock
 .text._sbrk    0x08003000       0x1c c:/ac6/systemworkbench/plugins/fr.ac6.mcu.externaltools.arm-none.win32_1.13.2.201703061525/tools/compiler/bin/../lib/gcc/arm-none-eabi/5.4.1/../../../../arm-none-eabi/lib/armv6-m\libnosys.a(sbrk.o)
                0x08003000                _sbrk
 *(.glue_7)
 .glue_7        0x0800301c        0x0 linker stubs
 *(.glue_7t)
 .glue_7t       0x0800301c        0x0 linker stubs
 *(.eh_frame)
 .eh_frame      0x0800301c        0x0 c:/ac6/systemworkbench/plugins/fr.ac6.mcu.externaltools.arm-none.win32_1.13.2.201703061525/tools/compiler/bin/../lib/gcc/arm-none-eabi/5.4.1/armv6-m/crtbegin.o
 *(.init)
 .init          0x0800301c        0x4 c:/ac6/systemworkbench/plugins/fr.ac6.mcu.externaltools.arm-none.win32_1.13.2.201703061525/tools/compiler/bin/../lib/gcc/arm-none-eabi/5.4.1/armv6-m/crti.o
                0x0800301c                _init
 .init          0x08003020        0x8 c:/ac6/systemworkbench/plugins/fr.ac6.mcu.externaltools.arm-none.win32_1.13.2.201703061525/tools/compiler/bin/../lib/gcc/arm-none-eabi/5.4.1/armv6-m/crtn.o
 *(.fini)
 .fini          0x08003028        0x4 c:/ac6/systemworkbench/plugins/fr.ac6.mcu.externaltools.arm-none.win32_1.13.2.201703061525/tools/compiler/bin/../lib/gcc/arm-none-eabi/5.4.1/armv6-m/crti.o
                0x08003028                _fini
 .fini          0x0800302c        0x8 c:/ac6/systemworkbench/plugins/fr.ac6.mcu.externaltools.arm-none.win32_1.13.2.201703061525/tools/compiler/bin/../lib/gcc/arm-none-eabi/5.4.1/armv6-m/crtn.o
                0x08003034                . = ALIGN (0x4)
                0x08003034                _etext = .

.vfp11_veneer   0x08003034        0x0
 .vfp11_veneer  0x08003034        0x0 linker stubs

.v4_bx          0x08003034        0x0
 .v4_bx         0x08003034        0x0 linker stubs

.iplt           0x08003034        0x0
 .iplt          0x08003034        0x0 c:/ac6/systemworkbench/plugins/fr.ac6.mcu.externaltools.arm-none.win32_1.13.2.201703061525/tools/compiler/bin/../lib/gcc/arm-none-eabi/5.4.1/armv6-m/crtbegin.o

.rodata         0x08003034       0xa0
                0x08003034                . = ALIGN (0x4)
 *(.rodata)
 .rodata        0x08003034       0x48 Drivers/STM32L0xx_HAL_Driver/Src/stm32l0xx_hal_uart.o
 .rodata        0x0800307c       0x34 Src/owcompletesearch.o
 .rodata        0x080030b0       0x24 Src/system_stm32l0xx.o
                0x080030b0                PLLMulTable
                0x080030bc                AHBPrescTable
                0x080030cc                APBPrescTable
 *(.rodata*)
                0x080030d4                . = ALIGN (0x4)

.ARM.extab
 *(.ARM.extab* .gnu.linkonce.armextab.*)

.ARM            0x080030d4        0x8
                0x080030d4                __exidx_start = .
 *(.ARM.exidx*)
 .ARM.exidx     0x080030d4        0x8 c:/ac6/systemworkbench/plugins/fr.ac6.mcu.externaltools.arm-none.win32_1.13.2.201703061525/tools/compiler/bin/../lib/gcc/arm-none-eabi/5.4.1/armv6-m\libgcc.a(_udivmoddi4.o)
                0x080030dc                __exidx_end = .

.rel.dyn        0x080030dc        0x0
 .rel.iplt      0x080030dc        0x0 c:/ac6/systemworkbench/plugins/fr.ac6.mcu.externaltools.arm-none.win32_1.13.2.201703061525/tools/compiler/bin/../lib/gcc/arm-none-eabi/5.4.1/armv6-m/crtbegin.o

.preinit_array  0x080030dc        0x0
                0x080030dc                PROVIDE (__preinit_array_start, .)
 *(.preinit_array*)
                0x080030dc                PROVIDE (__preinit_array_end, .)

.init_array     0x080030dc        0x4
                0x080030dc                PROVIDE (__init_array_start, .)
 *(SORT(.init_array.*))
 *(.init_array*)
 .init_array    0x080030dc        0x4 c:/ac6/systemworkbench/plugins/fr.ac6.mcu.externaltools.arm-none.win32_1.13.2.201703061525/tools/compiler/bin/../lib/gcc/arm-none-eabi/5.4.1/armv6-m/crtbegin.o
                0x080030e0                PROVIDE (__init_array_end, .)

.fini_array     0x080030e0        0x4
                [!provide]                PROVIDE (__fini_array_start, .)
 *(SORT(.fini_array.*))
 *(.fini_array*)
 .fini_array    0x080030e0        0x4 c:/ac6/systemworkbench/plugins/fr.ac6.mcu.externaltools.arm-none.win32_1.13.2.201703061525/tools/compiler/bin/../lib/gcc/arm-none-eabi/5.4.1/armv6-m/crtbegin.o
                [!provide]                PROVIDE (__fini_array_end, .)
                0x080030e4                _sidata = LOADADDR (.data)

.data           0x20000000       0x78 load address 0x080030e4
                0x20000000                . = ALIGN (0x4)
                0x20000000                _sdata = .
 *(.data)
 .data          0x20000000        0x6 Src/main.o
                0x20000000                send1
                0x20000004                pDataTR
 *fill*         0x20000006        0x2 
 .data          0x20000008        0x8 Src/owcompletesearch.o
                0x20000008                sendF0_txData1
 .data          0x20000010        0x4 Src/system_stm32l0xx.o
                0x20000010                SystemCoreClock
 *(.data*)
 .data.impure_data
                0x20000014       0x60 c:/ac6/systemworkbench/plugins/fr.ac6.mcu.externaltools.arm-none.win32_1.13.2.201703061525/tools/compiler/bin/../lib/gcc/arm-none-eabi/5.4.1/../../../../arm-none-eabi/lib/armv6-m\libc_nano.a(lib_a-impure.o)
 .data._impure_ptr
                0x20000074        0x4 c:/ac6/systemworkbench/plugins/fr.ac6.mcu.externaltools.arm-none.win32_1.13.2.201703061525/tools/compiler/bin/../lib/gcc/arm-none-eabi/5.4.1/../../../../arm-none-eabi/lib/armv6-m\libc_nano.a(lib_a-impure.o)
                0x20000074                _impure_ptr
                0x20000078                . = ALIGN (0x4)
                0x20000078                _edata = .

.jcr            0x20000078        0x0 load address 0x0800315c
 .jcr           0x20000078        0x0 c:/ac6/systemworkbench/plugins/fr.ac6.mcu.externaltools.arm-none.win32_1.13.2.201703061525/tools/compiler/bin/../lib/gcc/arm-none-eabi/5.4.1/armv6-m/crtbegin.o

.igot.plt       0x20000078        0x0 load address 0x0800315c
 .igot.plt      0x20000078        0x0 c:/ac6/systemworkbench/plugins/fr.ac6.mcu.externaltools.arm-none.win32_1.13.2.201703061525/tools/compiler/bin/../lib/gcc/arm-none-eabi/5.4.1/armv6-m/crtbegin.o
                0x20000078                . = ALIGN (0x4)

.bss            0x20000078      0x414 load address 0x0800315c
                0x20000078                _sbss = .
                0x20000078                __bss_start__ = _sbss
 *(.bss)
 .bss           0x20000078       0x1c c:/ac6/systemworkbench/plugins/fr.ac6.mcu.externaltools.arm-none.win32_1.13.2.201703061525/tools/compiler/bin/../lib/gcc/arm-none-eabi/5.4.1/armv6-m/crtbegin.o
 .bss           0x20000094        0x8 Src/main.o
                0x20000094                send0
                0x20000098                callBEn
 .bss           0x2000009c       0x20 Src/owcompletesearch.o
 *(.bss*)
 .bss.__malloc_sbrk_start
                0x200000bc        0x4 c:/ac6/systemworkbench/plugins/fr.ac6.mcu.externaltools.arm-none.win32_1.13.2.201703061525/tools/compiler/bin/../lib/gcc/arm-none-eabi/5.4.1/../../../../arm-none-eabi/lib/armv6-m\libc_nano.a(lib_a-nano-mallocr.o)
                0x200000bc                __malloc_sbrk_start
 .bss.__malloc_free_list
                0x200000c0        0x4 c:/ac6/systemworkbench/plugins/fr.ac6.mcu.externaltools.arm-none.win32_1.13.2.201703061525/tools/compiler/bin/../lib/gcc/arm-none-eabi/5.4.1/../../../../arm-none-eabi/lib/armv6-m\libc_nano.a(lib_a-nano-mallocr.o)
                0x200000c0                __malloc_free_list
 .bss.heap_end.4167
                0x200000c4        0x4 c:/ac6/systemworkbench/plugins/fr.ac6.mcu.externaltools.arm-none.win32_1.13.2.201703061525/tools/compiler/bin/../lib/gcc/arm-none-eabi/5.4.1/../../../../arm-none-eabi/lib/armv6-m\libnosys.a(sbrk.o)
 *(COMMON)
 COMMON         0x200000c8        0x4 Drivers/STM32L0xx_HAL_Driver/Src/stm32l0xx_hal.o
                0x200000c8                uwTick
 COMMON         0x200000cc      0x128 Src/main.o
                0x200000cc                uartTempRx
                0x200000cd                pData
                0x200000d0                hdma_usart1_tx
                0x20000110                huart1
                0x20000180                uartRx
                0x20000184                huart2
 COMMON         0x200001f4      0x294 Src/owvariable.o
                0x200001f4                owdata
                0x20000200                romDataBuffer
                0x20000400                list
                0x2000040c                bufferByteNumber
                0x20000410                romUid
                0x20000418                bufferDeviceNumber
                0x2000041c                lastDiscrepancy
                0x20000420                crc8
                0x20000424                romSearchingPrivate
                0x20000454                owResetPrivate
                0x20000458                txRxList
                0x20000464                lastDeviceFlag
                0x20000468                lastFamilyDiscrepancy
                0x2000046c                uartRxDataBuffer
                0x20000470                eventOw
                0x20000480                owRxCallBackData
                0x20000484                doRomSearchPrivate
 COMMON         0x20000488        0x4 c:/ac6/systemworkbench/plugins/fr.ac6.mcu.externaltools.arm-none.win32_1.13.2.201703061525/tools/compiler/bin/../lib/gcc/arm-none-eabi/5.4.1/../../../../arm-none-eabi/lib/armv6-m\libc_nano.a(lib_a-reent.o)
                0x20000488                errno
                0x2000048c                . = ALIGN (0x4)
                0x2000048c                _ebss = .
                0x2000048c                __bss_end__ = _ebss

._user_heap_stack
                0x2000048c      0x604 load address 0x0800315c
                0x20000490                . = ALIGN (0x8)
 *fill*         0x2000048c        0x4 
                0x20000490                PROVIDE (end, .)
                [!provide]                PROVIDE (_end, .)
                0x20000690                . = (. + _Min_Heap_Size)
 *fill*         0x20000490      0x200 
                0x20000a90                . = (. + _Min_Stack_Size)
 *fill*         0x20000690      0x400 
                0x20000a90                . = ALIGN (0x8)

/DISCARD/
 libc.a(*)
 libm.a(*)
 libgcc.a(*)

.ARM.attributes
                0x00000000       0x28
 *(.ARM.attributes)
 .ARM.attributes
                0x00000000       0x1e c:/ac6/systemworkbench/plugins/fr.ac6.mcu.externaltools.arm-none.win32_1.13.2.201703061525/tools/compiler/bin/../lib/gcc/arm-none-eabi/5.4.1/armv6-m/crti.o
 .ARM.attributes
                0x0000001e       0x2c c:/ac6/systemworkbench/plugins/fr.ac6.mcu.externaltools.arm-none.win32_1.13.2.201703061525/tools/compiler/bin/../lib/gcc/arm-none-eabi/5.4.1/armv6-m/crtbegin.o
 .ARM.attributes
                0x0000004a       0x32 Drivers/STM32L0xx_HAL_Driver/Src/stm32l0xx_hal.o
 .ARM.attributes
                0x0000007c       0x32 Drivers/STM32L0xx_HAL_Driver/Src/stm32l0xx_hal_cortex.o
 .ARM.attributes
                0x000000ae       0x32 Drivers/STM32L0xx_HAL_Driver/Src/stm32l0xx_hal_dma.o
 .ARM.attributes
                0x000000e0       0x32 Drivers/STM32L0xx_HAL_Driver/Src/stm32l0xx_hal_gpio.o
 .ARM.attributes
                0x00000112       0x32 Drivers/STM32L0xx_HAL_Driver/Src/stm32l0xx_hal_rcc.o
 .ARM.attributes
                0x00000144       0x32 Drivers/STM32L0xx_HAL_Driver/Src/stm32l0xx_hal_rcc_ex.o
 .ARM.attributes
                0x00000176       0x32 Drivers/STM32L0xx_HAL_Driver/Src/stm32l0xx_hal_uart.o
 .ARM.attributes
                0x000001a8       0x32 Drivers/STM32L0xx_HAL_Driver/Src/stm32l0xx_hal_uart_ex.o
 .ARM.attributes
                0x000001da       0x32 Src/callback.o
 .ARM.attributes
                0x0000020c       0x32 Src/linkedlist.o
 .ARM.attributes
                0x0000023e       0x32 Src/main.o
 .ARM.attributes
                0x00000270       0x32 Src/owcompletesearch.o
 .ARM.attributes
                0x000002a2       0x32 Src/owvariable.o
 .ARM.attributes
                0x000002d4       0x32 Src/search.o
 .ARM.attributes
                0x00000306       0x32 Src/stm32l0xx_hal_msp.o
 .ARM.attributes
                0x00000338       0x32 Src/stm32l0xx_it.o
 .ARM.attributes
                0x0000036a       0x32 Src/system_stm32l0xx.o
 .ARM.attributes
                0x0000039c       0x22 startup/startup_stm32l053xx.o
 .ARM.attributes
                0x000003be       0x1e c:/ac6/systemworkbench/plugins/fr.ac6.mcu.externaltools.arm-none.win32_1.13.2.201703061525/tools/compiler/bin/../lib/gcc/arm-none-eabi/5.4.1/armv6-m\libgcc.a(_udivsi3.o)
 .ARM.attributes
                0x000003dc       0x1e c:/ac6/systemworkbench/plugins/fr.ac6.mcu.externaltools.arm-none.win32_1.13.2.201703061525/tools/compiler/bin/../lib/gcc/arm-none-eabi/5.4.1/armv6-m\libgcc.a(_dvmd_tls.o)
 .ARM.attributes
                0x000003fa       0x1e c:/ac6/systemworkbench/plugins/fr.ac6.mcu.externaltools.arm-none.win32_1.13.2.201703061525/tools/compiler/bin/../lib/gcc/arm-none-eabi/5.4.1/armv6-m\libgcc.a(_aeabi_uldivmod.o)
 .ARM.attributes
                0x00000418       0x2c c:/ac6/systemworkbench/plugins/fr.ac6.mcu.externaltools.arm-none.win32_1.13.2.201703061525/tools/compiler/bin/../lib/gcc/arm-none-eabi/5.4.1/armv6-m\libgcc.a(_udivmoddi4.o)
 .ARM.attributes
                0x00000444       0x1e c:/ac6/systemworkbench/plugins/fr.ac6.mcu.externaltools.arm-none.win32_1.13.2.201703061525/tools/compiler/bin/../lib/gcc/arm-none-eabi/5.4.1/armv6-m\libgcc.a(_clzdi2.o)
 .ARM.attributes
                0x00000462       0x1e c:/ac6/systemworkbench/plugins/fr.ac6.mcu.externaltools.arm-none.win32_1.13.2.201703061525/tools/compiler/bin/../lib/gcc/arm-none-eabi/5.4.1/armv6-m\libgcc.a(_clzsi2.o)
 .ARM.attributes
                0x00000480       0x2c c:/ac6/systemworkbench/plugins/fr.ac6.mcu.externaltools.arm-none.win32_1.13.2.201703061525/tools/compiler/bin/../lib/gcc/arm-none-eabi/5.4.1/../../../../arm-none-eabi/lib/armv6-m\libc_nano.a(lib_a-impure.o)
 .ARM.attributes
                0x000004ac       0x2c c:/ac6/systemworkbench/plugins/fr.ac6.mcu.externaltools.arm-none.win32_1.13.2.201703061525/tools/compiler/bin/../lib/gcc/arm-none-eabi/5.4.1/../../../../arm-none-eabi/lib/armv6-m\libc_nano.a(lib_a-init.o)
 .ARM.attributes
                0x000004d8       0x2c c:/ac6/systemworkbench/plugins/fr.ac6.mcu.externaltools.arm-none.win32_1.13.2.201703061525/tools/compiler/bin/../lib/gcc/arm-none-eabi/5.4.1/../../../../arm-none-eabi/lib/armv6-m\libc_nano.a(lib_a-malloc.o)
 .ARM.attributes
                0x00000504       0x2c c:/ac6/systemworkbench/plugins/fr.ac6.mcu.externaltools.arm-none.win32_1.13.2.201703061525/tools/compiler/bin/../lib/gcc/arm-none-eabi/5.4.1/../../../../arm-none-eabi/lib/armv6-m\libc_nano.a(lib_a-nano-freer.o)
 .ARM.attributes
                0x00000530       0x2c c:/ac6/systemworkbench/plugins/fr.ac6.mcu.externaltools.arm-none.win32_1.13.2.201703061525/tools/compiler/bin/../lib/gcc/arm-none-eabi/5.4.1/../../../../arm-none-eabi/lib/armv6-m\libc_nano.a(lib_a-nano-mallocr.o)
 .ARM.attributes
                0x0000055c       0x2c c:/ac6/systemworkbench/plugins/fr.ac6.mcu.externaltools.arm-none.win32_1.13.2.201703061525/tools/compiler/bin/../lib/gcc/arm-none-eabi/5.4.1/../../../../arm-none-eabi/lib/armv6-m\libc_nano.a(lib_a-sbrkr.o)
 .ARM.attributes
                0x00000588       0x2c c:/ac6/systemworkbench/plugins/fr.ac6.mcu.externaltools.arm-none.win32_1.13.2.201703061525/tools/compiler/bin/../lib/gcc/arm-none-eabi/5.4.1/../../../../arm-none-eabi/lib/armv6-m\libc_nano.a(lib_a-mlock.o)
 .ARM.attributes
                0x000005b4       0x2c c:/ac6/systemworkbench/plugins/fr.ac6.mcu.externaltools.arm-none.win32_1.13.2.201703061525/tools/compiler/bin/../lib/gcc/arm-none-eabi/5.4.1/../../../../arm-none-eabi/lib/armv6-m\libc_nano.a(lib_a-reent.o)
 .ARM.attributes
                0x000005e0       0x2c c:/ac6/systemworkbench/plugins/fr.ac6.mcu.externaltools.arm-none.win32_1.13.2.201703061525/tools/compiler/bin/../lib/gcc/arm-none-eabi/5.4.1/../../../../arm-none-eabi/lib/armv6-m\libnosys.a(sbrk.o)
 .ARM.attributes
                0x0000060c       0x1e c:/ac6/systemworkbench/plugins/fr.ac6.mcu.externaltools.arm-none.win32_1.13.2.201703061525/tools/compiler/bin/../lib/gcc/arm-none-eabi/5.4.1/armv6-m/crtn.o
OUTPUT(uart_test.elf elf32-littlearm)

.debug_info     0x00000000     0x9759
 .debug_info    0x00000000      0x749 Drivers/STM32L0xx_HAL_Driver/Src/stm32l0xx_hal.o
 .debug_info    0x00000749      0x8a1 Drivers/STM32L0xx_HAL_Driver/Src/stm32l0xx_hal_cortex.o
 .debug_info    0x00000fea      0x69f Drivers/STM32L0xx_HAL_Driver/Src/stm32l0xx_hal_dma.o
 .debug_info    0x00001689      0x647 Drivers/STM32L0xx_HAL_Driver/Src/stm32l0xx_hal_gpio.o
 .debug_info    0x00001cd0      0xb74 Drivers/STM32L0xx_HAL_Driver/Src/stm32l0xx_hal_rcc.o
 .debug_info    0x00002844      0x8cb Drivers/STM32L0xx_HAL_Driver/Src/stm32l0xx_hal_rcc_ex.o
 .debug_info    0x0000310f     0x1990 Drivers/STM32L0xx_HAL_Driver/Src/stm32l0xx_hal_uart.o
 .debug_info    0x00004a9f      0x8ea Drivers/STM32L0xx_HAL_Driver/Src/stm32l0xx_hal_uart_ex.o
 .debug_info    0x00005389      0x320 Src/callback.o
 .debug_info    0x000056a9      0x31a Src/linkedlist.o
 .debug_info    0x000059c3     0x148b Src/main.o
 .debug_info    0x00006e4e      0xb65 Src/owcompletesearch.o
 .debug_info    0x000079b3      0x581 Src/owvariable.o
 .debug_info    0x00007f34      0x342 Src/search.o
 .debug_info    0x00008276      0xa87 Src/stm32l0xx_hal_msp.o
 .debug_info    0x00008cfd      0x66c Src/stm32l0xx_it.o
 .debug_info    0x00009369      0x37b Src/system_stm32l0xx.o
 .debug_info    0x000096e4       0x75 startup/startup_stm32l053xx.o

.debug_abbrev   0x00000000     0x1e67
 .debug_abbrev  0x00000000      0x209 Drivers/STM32L0xx_HAL_Driver/Src/stm32l0xx_hal.o
 .debug_abbrev  0x00000209      0x264 Drivers/STM32L0xx_HAL_Driver/Src/stm32l0xx_hal_cortex.o
 .debug_abbrev  0x0000046d      0x1e1 Drivers/STM32L0xx_HAL_Driver/Src/stm32l0xx_hal_dma.o
 .debug_abbrev  0x0000064e      0x1cb Drivers/STM32L0xx_HAL_Driver/Src/stm32l0xx_hal_gpio.o
 .debug_abbrev  0x00000819      0x242 Drivers/STM32L0xx_HAL_Driver/Src/stm32l0xx_hal_rcc.o
 .debug_abbrev  0x00000a5b      0x1ec Drivers/STM32L0xx_HAL_Driver/Src/stm32l0xx_hal_rcc_ex.o
 .debug_abbrev  0x00000c47      0x24a Drivers/STM32L0xx_HAL_Driver/Src/stm32l0xx_hal_uart.o
 .debug_abbrev  0x00000e91      0x1e9 Drivers/STM32L0xx_HAL_Driver/Src/stm32l0xx_hal_uart_ex.o
 .debug_abbrev  0x0000107a      0x128 Src/callback.o
 .debug_abbrev  0x000011a2      0x166 Src/linkedlist.o
 .debug_abbrev  0x00001308      0x317 Src/main.o
 .debug_abbrev  0x0000161f      0x20a Src/owcompletesearch.o
 .debug_abbrev  0x00001829       0xbe Src/owvariable.o
 .debug_abbrev  0x000018e7      0x176 Src/search.o
 .debug_abbrev  0x00001a5d      0x1a0 Src/stm32l0xx_hal_msp.o
 .debug_abbrev  0x00001bfd      0x165 Src/stm32l0xx_it.o
 .debug_abbrev  0x00001d62       0xf3 Src/system_stm32l0xx.o
 .debug_abbrev  0x00001e55       0x12 startup/startup_stm32l053xx.o

.debug_loc      0x00000000     0x4383
 .debug_loc     0x00000000       0xac Drivers/STM32L0xx_HAL_Driver/Src/stm32l0xx_hal.o
 .debug_loc     0x000000ac      0x39b Drivers/STM32L0xx_HAL_Driver/Src/stm32l0xx_hal_cortex.o
 .debug_loc     0x00000447      0x550 Drivers/STM32L0xx_HAL_Driver/Src/stm32l0xx_hal_dma.o
 .debug_loc     0x00000997      0x284 Drivers/STM32L0xx_HAL_Driver/Src/stm32l0xx_hal_gpio.o
 .debug_loc     0x00000c1b      0x6a7 Drivers/STM32L0xx_HAL_Driver/Src/stm32l0xx_hal_rcc.o
 .debug_loc     0x000012c2      0x9a2 Drivers/STM32L0xx_HAL_Driver/Src/stm32l0xx_hal_rcc_ex.o
 .debug_loc     0x00001c64     0x176e Drivers/STM32L0xx_HAL_Driver/Src/stm32l0xx_hal_uart.o
 .debug_loc     0x000033d2      0x35c Drivers/STM32L0xx_HAL_Driver/Src/stm32l0xx_hal_uart_ex.o
 .debug_loc     0x0000372e      0x146 Src/callback.o
 .debug_loc     0x00003874      0x186 Src/linkedlist.o
 .debug_loc     0x000039fa      0x303 Src/main.o
 .debug_loc     0x00003cfd      0x374 Src/owcompletesearch.o
 .debug_loc     0x00004071      0x129 Src/search.o
 .debug_loc     0x0000419a       0x84 Src/stm32l0xx_hal_msp.o
 .debug_loc     0x0000421e      0x165 Src/system_stm32l0xx.o

.debug_aranges  0x00000000      0x890
 .debug_aranges
                0x00000000       0xe0 Drivers/STM32L0xx_HAL_Driver/Src/stm32l0xx_hal.o
 .debug_aranges
                0x000000e0       0x80 Drivers/STM32L0xx_HAL_Driver/Src/stm32l0xx_hal_cortex.o
 .debug_aranges
                0x00000160       0x70 Drivers/STM32L0xx_HAL_Driver/Src/stm32l0xx_hal_dma.o
 .debug_aranges
                0x000001d0       0x58 Drivers/STM32L0xx_HAL_Driver/Src/stm32l0xx_hal_gpio.o
 .debug_aranges
                0x00000228       0x88 Drivers/STM32L0xx_HAL_Driver/Src/stm32l0xx_hal_rcc.o
 .debug_aranges
                0x000002b0       0xb0 Drivers/STM32L0xx_HAL_Driver/Src/stm32l0xx_hal_rcc_ex.o
 .debug_aranges
                0x00000360      0x1e8 Drivers/STM32L0xx_HAL_Driver/Src/stm32l0xx_hal_uart.o
 .debug_aranges
                0x00000548       0x60 Drivers/STM32L0xx_HAL_Driver/Src/stm32l0xx_hal_uart_ex.o
 .debug_aranges
                0x000005a8       0x30 Src/callback.o
 .debug_aranges
                0x000005d8       0x50 Src/linkedlist.o
 .debug_aranges
                0x00000628       0xd8 Src/main.o
 .debug_aranges
                0x00000700       0x58 Src/owcompletesearch.o
 .debug_aranges
                0x00000758       0x18 Src/owvariable.o
 .debug_aranges
                0x00000770       0x50 Src/search.o
 .debug_aranges
                0x000007c0       0x30 Src/stm32l0xx_hal_msp.o
 .debug_aranges
                0x000007f0       0x50 Src/stm32l0xx_it.o
 .debug_aranges
                0x00000840       0x28 Src/system_stm32l0xx.o
 .debug_aranges
                0x00000868       0x28 startup/startup_stm32l053xx.o

.debug_ranges   0x00000000      0x7a0
 .debug_ranges  0x00000000       0xd0 Drivers/STM32L0xx_HAL_Driver/Src/stm32l0xx_hal.o
 .debug_ranges  0x000000d0       0x70 Drivers/STM32L0xx_HAL_Driver/Src/stm32l0xx_hal_cortex.o
 .debug_ranges  0x00000140       0x60 Drivers/STM32L0xx_HAL_Driver/Src/stm32l0xx_hal_dma.o
 .debug_ranges  0x000001a0       0x48 Drivers/STM32L0xx_HAL_Driver/Src/stm32l0xx_hal_gpio.o
 .debug_ranges  0x000001e8       0x90 Drivers/STM32L0xx_HAL_Driver/Src/stm32l0xx_hal_rcc.o
 .debug_ranges  0x00000278       0xb8 Drivers/STM32L0xx_HAL_Driver/Src/stm32l0xx_hal_rcc_ex.o
 .debug_ranges  0x00000330      0x1d8 Drivers/STM32L0xx_HAL_Driver/Src/stm32l0xx_hal_uart.o
 .debug_ranges  0x00000508       0x50 Drivers/STM32L0xx_HAL_Driver/Src/stm32l0xx_hal_uart_ex.o
 .debug_ranges  0x00000558       0x20 Src/callback.o
 .debug_ranges  0x00000578       0x40 Src/linkedlist.o
 .debug_ranges  0x000005b8       0xc8 Src/main.o
 .debug_ranges  0x00000680       0x48 Src/owcompletesearch.o
 .debug_ranges  0x000006c8       0x40 Src/search.o
 .debug_ranges  0x00000708       0x20 Src/stm32l0xx_hal_msp.o
 .debug_ranges  0x00000728       0x40 Src/stm32l0xx_it.o
 .debug_ranges  0x00000768       0x18 Src/system_stm32l0xx.o
 .debug_ranges  0x00000780       0x20 startup/startup_stm32l053xx.o

.debug_macro    0x00000000    0x14939
 .debug_macro   0x00000000      0x314 Drivers/STM32L0xx_HAL_Driver/Src/stm32l0xx_hal.o
 .debug_macro   0x00000314      0x832 Drivers/STM32L0xx_HAL_Driver/Src/stm32l0xx_hal.o
 .debug_macro   0x00000b46       0x97 Drivers/STM32L0xx_HAL_Driver/Src/stm32l0xx_hal.o
 .debug_macro   0x00000bdd       0x2e Drivers/STM32L0xx_HAL_Driver/Src/stm32l0xx_hal.o
 .debug_macro   0x00000c0b       0x28 Drivers/STM32L0xx_HAL_Driver/Src/stm32l0xx_hal.o
 .debug_macro   0x00000c33       0x22 Drivers/STM32L0xx_HAL_Driver/Src/stm32l0xx_hal.o
 .debug_macro   0x00000c55       0x87 Drivers/STM32L0xx_HAL_Driver/Src/stm32l0xx_hal.o
 .debug_macro   0x00000cdc       0x44 Drivers/STM32L0xx_HAL_Driver/Src/stm32l0xx_hal.o
 .debug_macro   0x00000d20       0xfd Drivers/STM32L0xx_HAL_Driver/Src/stm32l0xx_hal.o
 .debug_macro   0x00000e1d       0x5e Drivers/STM32L0xx_HAL_Driver/Src/stm32l0xx_hal.o
 .debug_macro   0x00000e7b      0x1df Drivers/STM32L0xx_HAL_Driver/Src/stm32l0xx_hal.o
 .debug_macro   0x0000105a       0x34 Drivers/STM32L0xx_HAL_Driver/Src/stm32l0xx_hal.o
 .debug_macro   0x0000108e       0x26 Drivers/STM32L0xx_HAL_Driver/Src/stm32l0xx_hal.o
 .debug_macro   0x000010b4      0x44f Drivers/STM32L0xx_HAL_Driver/Src/stm32l0xx_hal.o
 .debug_macro   0x00001503     0x9cc0 Drivers/STM32L0xx_HAL_Driver/Src/stm32l0xx_hal.o
 .debug_macro   0x0000b1c3       0x3c Drivers/STM32L0xx_HAL_Driver/Src/stm32l0xx_hal.o
 .debug_macro   0x0000b1ff     0x34a2 Drivers/STM32L0xx_HAL_Driver/Src/stm32l0xx_hal.o
 .debug_macro   0x0000e6a1       0x52 Drivers/STM32L0xx_HAL_Driver/Src/stm32l0xx_hal.o
 .debug_macro   0x0000e6f3       0x35 Drivers/STM32L0xx_HAL_Driver/Src/stm32l0xx_hal.o
 .debug_macro   0x0000e728       0x9c Drivers/STM32L0xx_HAL_Driver/Src/stm32l0xx_hal.o
 .debug_macro   0x0000e7c4       0x16 Drivers/STM32L0xx_HAL_Driver/Src/stm32l0xx_hal.o
 .debug_macro   0x0000e7da       0x97 Drivers/STM32L0xx_HAL_Driver/Src/stm32l0xx_hal.o
 .debug_macro   0x0000e871      0x30d Drivers/STM32L0xx_HAL_Driver/Src/stm32l0xx_hal.o
 .debug_macro   0x0000eb7e       0xfd Drivers/STM32L0xx_HAL_Driver/Src/stm32l0xx_hal.o
 .debug_macro   0x0000ec7b       0x10 Drivers/STM32L0xx_HAL_Driver/Src/stm32l0xx_hal.o
 .debug_macro   0x0000ec8b       0x52 Drivers/STM32L0xx_HAL_Driver/Src/stm32l0xx_hal.o
 .debug_macro   0x0000ecdd       0x1f Drivers/STM32L0xx_HAL_Driver/Src/stm32l0xx_hal.o
 .debug_macro   0x0000ecfc       0x43 Drivers/STM32L0xx_HAL_Driver/Src/stm32l0xx_hal.o
 .debug_macro   0x0000ed3f       0x20 Drivers/STM32L0xx_HAL_Driver/Src/stm32l0xx_hal.o
 .debug_macro   0x0000ed5f      0x187 Drivers/STM32L0xx_HAL_Driver/Src/stm32l0xx_hal.o
 .debug_macro   0x0000eee6       0x10 Drivers/STM32L0xx_HAL_Driver/Src/stm32l0xx_hal.o
 .debug_macro   0x0000eef6       0x1c Drivers/STM32L0xx_HAL_Driver/Src/stm32l0xx_hal.o
 .debug_macro   0x0000ef12       0x52 Drivers/STM32L0xx_HAL_Driver/Src/stm32l0xx_hal.o
 .debug_macro   0x0000ef64       0x40 Drivers/STM32L0xx_HAL_Driver/Src/stm32l0xx_hal.o
 .debug_macro   0x0000efa4       0x10 Drivers/STM32L0xx_HAL_Driver/Src/stm32l0xx_hal.o
 .debug_macro   0x0000efb4       0x40 Drivers/STM32L0xx_HAL_Driver/Src/stm32l0xx_hal.o
 .debug_macro   0x0000eff4       0xd7 Drivers/STM32L0xx_HAL_Driver/Src/stm32l0xx_hal.o
 .debug_macro   0x0000f0cb       0x16 Drivers/STM32L0xx_HAL_Driver/Src/stm32l0xx_hal.o
 .debug_macro   0x0000f0e1      0x18b Drivers/STM32L0xx_HAL_Driver/Src/stm32l0xx_hal.o
 .debug_macro   0x0000f26c       0x50 Drivers/STM32L0xx_HAL_Driver/Src/stm32l0xx_hal.o
 .debug_macro   0x0000f2bc      0x8e0 Drivers/STM32L0xx_HAL_Driver/Src/stm32l0xx_hal.o
 .debug_macro   0x0000fb9c      0x9d4 Drivers/STM32L0xx_HAL_Driver/Src/stm32l0xx_hal.o
 .debug_macro   0x00010570      0x14d Drivers/STM32L0xx_HAL_Driver/Src/stm32l0xx_hal.o
 .debug_macro   0x000106bd      0x184 Drivers/STM32L0xx_HAL_Driver/Src/stm32l0xx_hal.o
 .debug_macro   0x00010841      0x279 Drivers/STM32L0xx_HAL_Driver/Src/stm32l0xx_hal.o
 .debug_macro   0x00010aba      0x1ef Drivers/STM32L0xx_HAL_Driver/Src/stm32l0xx_hal.o
 .debug_macro   0x00010ca9      0x12a Drivers/STM32L0xx_HAL_Driver/Src/stm32l0xx_hal.o
 .debug_macro   0x00010dd3      0x2b6 Drivers/STM32L0xx_HAL_Driver/Src/stm32l0xx_hal.o
 .debug_macro   0x00011089      0x202 Drivers/STM32L0xx_HAL_Driver/Src/stm32l0xx_hal.o
 .debug_macro   0x0001128b       0x5b Drivers/STM32L0xx_HAL_Driver/Src/stm32l0xx_hal.o
 .debug_macro   0x000112e6       0x90 Drivers/STM32L0xx_HAL_Driver/Src/stm32l0xx_hal.o
 .debug_macro   0x00011376      0x189 Drivers/STM32L0xx_HAL_Driver/Src/stm32l0xx_hal.o
 .debug_macro   0x000114ff       0x16 Drivers/STM32L0xx_HAL_Driver/Src/stm32l0xx_hal.o
 .debug_macro   0x00011515      0x54a Drivers/STM32L0xx_HAL_Driver/Src/stm32l0xx_hal.o
 .debug_macro   0x00011a5f       0x44 Drivers/STM32L0xx_HAL_Driver/Src/stm32l0xx_hal.o
 .debug_macro   0x00011aa3      0x165 Drivers/STM32L0xx_HAL_Driver/Src/stm32l0xx_hal.o
 .debug_macro   0x00011c08      0x2f0 Drivers/STM32L0xx_HAL_Driver/Src/stm32l0xx_hal_cortex.o
 .debug_macro   0x00011ef8      0x2f6 Drivers/STM32L0xx_HAL_Driver/Src/stm32l0xx_hal_dma.o
 .debug_macro   0x000121ee      0x329 Drivers/STM32L0xx_HAL_Driver/Src/stm32l0xx_hal_gpio.o
 .debug_macro   0x00012517      0x33e Drivers/STM32L0xx_HAL_Driver/Src/stm32l0xx_hal_rcc.o
 .debug_macro   0x00012855      0x302 Drivers/STM32L0xx_HAL_Driver/Src/stm32l0xx_hal_rcc_ex.o
 .debug_macro   0x00012b57      0x302 Drivers/STM32L0xx_HAL_Driver/Src/stm32l0xx_hal_uart.o
 .debug_macro   0x00012e59      0x2f0 Drivers/STM32L0xx_HAL_Driver/Src/stm32l0xx_hal_uart_ex.o
 .debug_macro   0x00013149      0x1fd Src/callback.o
 .debug_macro   0x00013346       0x4c Src/callback.o
 .debug_macro   0x00013392       0x8d Src/callback.o
 .debug_macro   0x0001341f       0x4a Src/callback.o
 .debug_macro   0x00013469       0x16 Src/callback.o
 .debug_macro   0x0001347f       0x35 Src/callback.o
 .debug_macro   0x000134b4       0x16 Src/callback.o
 .debug_macro   0x000134ca       0x29 Src/callback.o
 .debug_macro   0x000134f3       0x46 Src/callback.o
 .debug_macro   0x00013539      0x20e Src/linkedlist.o
 .debug_macro   0x00013747       0x16 Src/linkedlist.o
 .debug_macro   0x0001375d      0x37a Src/main.o
 .debug_macro   0x00013ad7       0x4c Src/main.o
 .debug_macro   0x00013b23       0x16 Src/main.o
 .debug_macro   0x00013b39       0x10 Src/main.o
 .debug_macro   0x00013b49       0x34 Src/main.o
 .debug_macro   0x00013b7d      0x22b Src/owcompletesearch.o
 .debug_macro   0x00013da8       0x10 Src/owcompletesearch.o
 .debug_macro   0x00013db8       0x7f Src/owvariable.o
 .debug_macro   0x00013e37      0x1f4 Src/search.o
 .debug_macro   0x0001402b       0x2e Src/search.o
 .debug_macro   0x00014059      0x2f0 Src/stm32l0xx_hal_msp.o
 .debug_macro   0x00014349      0x2fa Src/stm32l0xx_it.o
 .debug_macro   0x00014643      0x2f6 Src/system_stm32l0xx.o

.debug_line     0x00000000     0x8f55
 .debug_line    0x00000000      0x944 Drivers/STM32L0xx_HAL_Driver/Src/stm32l0xx_hal.o
 .debug_line    0x00000944      0x8f9 Drivers/STM32L0xx_HAL_Driver/Src/stm32l0xx_hal_cortex.o
 .debug_line    0x0000123d      0xbed Drivers/STM32L0xx_HAL_Driver/Src/stm32l0xx_hal_dma.o
 .debug_line    0x00001e2a      0x8be Drivers/STM32L0xx_HAL_Driver/Src/stm32l0xx_hal_gpio.o
 .debug_line    0x000026e8      0xa77 Drivers/STM32L0xx_HAL_Driver/Src/stm32l0xx_hal_rcc.o
 .debug_line    0x0000315f      0xa76 Drivers/STM32L0xx_HAL_Driver/Src/stm32l0xx_hal_rcc_ex.o
 .debug_line    0x00003bd5     0x121a Drivers/STM32L0xx_HAL_Driver/Src/stm32l0xx_hal_uart.o
 .debug_line    0x00004def      0x8fe Drivers/STM32L0xx_HAL_Driver/Src/stm32l0xx_hal_uart_ex.o
 .debug_line    0x000056ed      0x44e Src/callback.o
 .debug_line    0x00005b3b      0x4cb Src/linkedlist.o
 .debug_line    0x00006006      0xa2e Src/main.o
 .debug_line    0x00006a34      0x567 Src/owcompletesearch.o
 .debug_line    0x00006f9b      0x2ed Src/owvariable.o
 .debug_line    0x00007288      0x51e Src/search.o
 .debug_line    0x000077a6      0x7b6 Src/stm32l0xx_hal_msp.o
 .debug_line    0x00007f5c      0x7df Src/stm32l0xx_it.o
 .debug_line    0x0000873b      0x797 Src/system_stm32l0xx.o
 .debug_line    0x00008ed2       0x83 startup/startup_stm32l053xx.o

.debug_str      0x00000000    0x752a1
 .debug_str     0x00000000    0x723f1 Drivers/STM32L0xx_HAL_Driver/Src/stm32l0xx_hal.o
                              0x72804 (size before relaxing)
 .debug_str     0x000723f1      0x2a4 Drivers/STM32L0xx_HAL_Driver/Src/stm32l0xx_hal_cortex.o
                              0x72616 (size before relaxing)
 .debug_str     0x00072695      0x345 Drivers/STM32L0xx_HAL_Driver/Src/stm32l0xx_hal_dma.o
                              0x724a2 (size before relaxing)
 .debug_str     0x000729da      0x2c1 Drivers/STM32L0xx_HAL_Driver/Src/stm32l0xx_hal_gpio.o
                              0x724a9 (size before relaxing)
 .debug_str     0x00072c9b      0x543 Drivers/STM32L0xx_HAL_Driver/Src/stm32l0xx_hal_rcc.o
                              0x72821 (size before relaxing)
 .debug_str     0x000731de      0x4ce Drivers/STM32L0xx_HAL_Driver/Src/stm32l0xx_hal_rcc_ex.o
                              0x7276a (size before relaxing)
 .debug_str     0x000736ac      0xa0a Drivers/STM32L0xx_HAL_Driver/Src/stm32l0xx_hal_uart.o
                              0x72ede (size before relaxing)
 .debug_str     0x000740b6      0x185 Drivers/STM32L0xx_HAL_Driver/Src/stm32l0xx_hal_uart_ex.o
                              0x727a9 (size before relaxing)
 .debug_str     0x0007423b      0x55c Src/callback.o
                               0x7310 (size before relaxing)
 .debug_str     0x00074797       0xb7 Src/linkedlist.o
                               0x7207 (size before relaxing)
 .debug_str     0x0007484e      0x4f8 Src/main.o
                              0x73500 (size before relaxing)
 .debug_str     0x00074d46      0x341 Src/owcompletesearch.o
                               0x7974 (size before relaxing)
 .debug_str     0x00075087       0x5e Src/owvariable.o
                               0x3926 (size before relaxing)
 .debug_str     0x000750e5       0x8f Src/search.o
                               0x7517 (size before relaxing)
 .debug_str     0x00075174       0x2b Src/stm32l0xx_hal_msp.o
                              0x728ce (size before relaxing)
 .debug_str     0x0007519f       0x9e Src/stm32l0xx_it.o
                              0x7262b (size before relaxing)
 .debug_str     0x0007523d       0x64 Src/system_stm32l0xx.o
                              0x7223e (size before relaxing)

.comment        0x00000000       0x6e
 .comment       0x00000000       0x6e Drivers/STM32L0xx_HAL_Driver/Src/stm32l0xx_hal.o
                                 0x6f (size before relaxing)
 .comment       0x0000006e       0x6f Drivers/STM32L0xx_HAL_Driver/Src/stm32l0xx_hal_cortex.o
 .comment       0x0000006e       0x6f Drivers/STM32L0xx_HAL_Driver/Src/stm32l0xx_hal_dma.o
 .comment       0x0000006e       0x6f Drivers/STM32L0xx_HAL_Driver/Src/stm32l0xx_hal_gpio.o
 .comment       0x0000006e       0x6f Drivers/STM32L0xx_HAL_Driver/Src/stm32l0xx_hal_rcc.o
 .comment       0x0000006e       0x6f Drivers/STM32L0xx_HAL_Driver/Src/stm32l0xx_hal_rcc_ex.o
 .comment       0x0000006e       0x6f Drivers/STM32L0xx_HAL_Driver/Src/stm32l0xx_hal_uart.o
 .comment       0x0000006e       0x6f Drivers/STM32L0xx_HAL_Driver/Src/stm32l0xx_hal_uart_ex.o
 .comment       0x0000006e       0x6f Src/callback.o
 .comment       0x0000006e       0x6f Src/linkedlist.o
 .comment       0x0000006e       0x6f Src/main.o
 .comment       0x0000006e       0x6f Src/owcompletesearch.o
 .comment       0x0000006e       0x6f Src/owvariable.o
 .comment       0x0000006e       0x6f Src/search.o
 .comment       0x0000006e       0x6f Src/stm32l0xx_hal_msp.o
 .comment       0x0000006e       0x6f Src/stm32l0xx_it.o
 .comment       0x0000006e       0x6f Src/system_stm32l0xx.o

.debug_frame    0x00000000     0x1544
 .debug_frame   0x00000000      0x1c4 Drivers/STM32L0xx_HAL_Driver/Src/stm32l0xx_hal.o
 .debug_frame   0x000001c4       0xfc Drivers/STM32L0xx_HAL_Driver/Src/stm32l0xx_hal_cortex.o
 .debug_frame   0x000002c0      0x120 Drivers/STM32L0xx_HAL_Driver/Src/stm32l0xx_hal_dma.o
 .debug_frame   0x000003e0       0xc8 Drivers/STM32L0xx_HAL_Driver/Src/stm32l0xx_hal_gpio.o
 .debug_frame   0x000004a8      0x150 Drivers/STM32L0xx_HAL_Driver/Src/stm32l0xx_hal_rcc.o
 .debug_frame   0x000005f8      0x170 Drivers/STM32L0xx_HAL_Driver/Src/stm32l0xx_hal_rcc_ex.o
 .debug_frame   0x00000768      0x540 Drivers/STM32L0xx_HAL_Driver/Src/stm32l0xx_hal_uart.o
 .debug_frame   0x00000ca8       0xfc Drivers/STM32L0xx_HAL_Driver/Src/stm32l0xx_hal_uart_ex.o
 .debug_frame   0x00000da4       0x54 Src/callback.o
 .debug_frame   0x00000df8       0xa0 Src/linkedlist.o
 .debug_frame   0x00000e98      0x23c Src/main.o
 .debug_frame   0x000010d4       0xc0 Src/owcompletesearch.o
 .debug_frame   0x00001194       0xa0 Src/search.o
 .debug_frame   0x00001234       0x5c Src/stm32l0xx_hal_msp.o
 .debug_frame   0x00001290       0x98 Src/stm32l0xx_it.o
 .debug_frame   0x00001328       0x38 Src/system_stm32l0xx.o
 .debug_frame   0x00001360       0x20 c:/ac6/systemworkbench/plugins/fr.ac6.mcu.externaltools.arm-none.win32_1.13.2.201703061525/tools/compiler/bin/../lib/gcc/arm-none-eabi/5.4.1/armv6-m\libgcc.a(_udivsi3.o)
 .debug_frame   0x00001380       0x3c c:/ac6/systemworkbench/plugins/fr.ac6.mcu.externaltools.arm-none.win32_1.13.2.201703061525/tools/compiler/bin/../lib/gcc/arm-none-eabi/5.4.1/armv6-m\libgcc.a(_udivmoddi4.o)
 .debug_frame   0x000013bc       0x2c c:/ac6/systemworkbench/plugins/fr.ac6.mcu.externaltools.arm-none.win32_1.13.2.201703061525/tools/compiler/bin/../lib/gcc/arm-none-eabi/5.4.1/../../../../arm-none-eabi/lib/armv6-m\libc_nano.a(lib_a-init.o)
 .debug_frame   0x000013e8       0x40 c:/ac6/systemworkbench/plugins/fr.ac6.mcu.externaltools.arm-none.win32_1.13.2.201703061525/tools/compiler/bin/../lib/gcc/arm-none-eabi/5.4.1/../../../../arm-none-eabi/lib/armv6-m\libc_nano.a(lib_a-malloc.o)
 .debug_frame   0x00001428       0x2c c:/ac6/systemworkbench/plugins/fr.ac6.mcu.externaltools.arm-none.win32_1.13.2.201703061525/tools/compiler/bin/../lib/gcc/arm-none-eabi/5.4.1/../../../../arm-none-eabi/lib/armv6-m\libc_nano.a(lib_a-nano-freer.o)
 .debug_frame   0x00001454       0x2c c:/ac6/systemworkbench/plugins/fr.ac6.mcu.externaltools.arm-none.win32_1.13.2.201703061525/tools/compiler/bin/../lib/gcc/arm-none-eabi/5.4.1/../../../../arm-none-eabi/lib/armv6-m\libc_nano.a(lib_a-nano-mallocr.o)
 .debug_frame   0x00001480       0x2c c:/ac6/systemworkbench/plugins/fr.ac6.mcu.externaltools.arm-none.win32_1.13.2.201703061525/tools/compiler/bin/../lib/gcc/arm-none-eabi/5.4.1/../../../../arm-none-eabi/lib/armv6-m\libc_nano.a(lib_a-sbrkr.o)
 .debug_frame   0x000014ac       0x30 c:/ac6/systemworkbench/plugins/fr.ac6.mcu.externaltools.arm-none.win32_1.13.2.201703061525/tools/compiler/bin/../lib/gcc/arm-none-eabi/5.4.1/../../../../arm-none-eabi/lib/armv6-m\libc_nano.a(lib_a-mlock.o)
 .debug_frame   0x000014dc       0x48 c:/ac6/systemworkbench/plugins/fr.ac6.mcu.externaltools.arm-none.win32_1.13.2.201703061525/tools/compiler/bin/../lib/gcc/arm-none-eabi/5.4.1/../../../../arm-none-eabi/lib/armv6-m\libc_nano.a(lib_a-reent.o)
 .debug_frame   0x00001524       0x20 c:/ac6/systemworkbench/plugins/fr.ac6.mcu.externaltools.arm-none.win32_1.13.2.201703061525/tools/compiler/bin/../lib/gcc/arm-none-eabi/5.4.1/../../../../arm-none-eabi/lib/armv6-m\libnosys.a(sbrk.o)
